
> client@0.0.1 build
> vite build

[36mvite v8.0.8 [32mbuilding client environment for production...[36m[39m
[2K
transforming...Γ£ô 2708 modules transformed.
node.exe : [31mΓ£ù[39m Build failed in 1.72s
At C:\Program Files\nodejs\npm.ps1:29 char:3
+   & $NODE_EXE $NPM_CLI_JS $args
+   ~~~~~~~~~~~~~~~~~~~~~~~~~~~~~
    + CategoryInfo          : NotSpecified: ([31mΓ£ù[39m Build failed in 1.72s:String) [], RemoteException
    + FullyQualifiedErrorId : NativeCommandError
 
[31merror during build:
[31mBuild failed with 3 errors:

[31m[builtin:vite-transform] Error:[0m Unterminated regular expression
    [38;5;246mΓò¡[0m[38;5;246mΓöÇ[0m[38;5;246m[[0m src/pages/Register.jsx:70:10 [38;5;246m][0m
    [38;5;246mΓöé[0m
 [38;5;246m70 Γöé[0m [38;5;249m [0m[38;5;249m [0m[38;5;249m [0m[38;5;249m [0m[38;5;249m [0m[38;5;249m 
[0m[38;5;249m [0m[38;5;249m [0m[38;5;249m<[0m/div>
 [38;5;240m   Γöé[0m          ΓöÇΓöÇΓöÇΓö¼ΓöÇΓöÇ  
 [38;5;240m   Γöé[0m             Γò░ΓöÇΓöÇΓöÇΓöÇ 
[38;5;246mΓöÇΓöÇΓöÇΓöÇΓò»[0m

[31m[builtin:vite-transform] Error:[0m Expected corresponding JSX closing tag for 'motion.div'.
    [38;5;246mΓò¡[0m[38;5;246mΓöÇ[0m[38;5;246m[[0m src/pages/Register.jsx:65:19 [38;5;246m][0m
    [38;5;246mΓöé[0m
 [38;5;246m26 Γöé[0m [38;5;249m [0m[38;5;249m [0m[38;5;249m [0m[38;5;249m [0m[38;5;249m [0m[38;5;249m 
[0m[38;5;249m [0m[38;5;249m [0m[38;5;249m [0m[38;5;249m [0m[38;5;249m [0m[38;5;249m 
[0m[38;5;249m<[0mmotion.div[38;5;249m [0m[38;5;249mi[0m[38;5;249mn[0m[38;5;249mi[0m[38;5;249mt[0m[38;5;24
9mi[0m[38;5;249ma[0m[38;5;249ml[0m[38;5;249m=[0m[38;5;249m{[0m[38;5;249m{[0m[38;5;249m [0m[38;5;249mo[0m
[38;5;249mp[0m[38;5;249ma[0m[38;5;249mc[0m[38;5;249mi[0m[38;5;249mt[0m[38;5;249my[0m[38;5;249m:[0m[38;5;
249m [0m[38;5;249m0[0m[38;5;249m,[0m[38;5;249m 
[0m[38;5;249ms[0m[38;5;249mc[0m[38;5;249ma[0m[38;5;249ml[0m[38;5;249me[0m[38;5;249m:[0m[38;5;249m 
[0m[38;5;249m0[0m[38;5;249m.[0m[38;5;249m9[0m[38;5;249m5[0m[38;5;249m 
[0m[38;5;249m}[0m[38;5;249m}[0m[38;5;249m [0m[38;5;249ma[0m[38;5;249mn[0m[38;5;249mi[0m[38;5;249mm[0m[3
8;5;249ma[0m[38;5;249mt[0m[38;5;249me[0m[38;5;249m=[0m[38;5;249m{[0m[38;5;249m{[0m[38;5;249m [0m[38;5;249
mo[0m[38;5;249mp[0m[38;5;249ma[0m[38;5;249mc[0m[38;5;249mi[0m[38;5;249mt[0m[38;5;249my[0m[38;5;249m:[0m
[38;5;249m [0m[38;5;249m1[0m[38;5;249m,[0m[38;5;249m 
[0m[38;5;249ms[0m[38;5;249mc[0m[38;5;249ma[0m[38;5;249ml[0m[38;5;249me[0m[38;5;249m:[0m[38;5;249m 
[0m[38;5;249m1[0m[38;5;249m [0m[38;5;249m}[0m[38;5;249m}[0m[38;5;249m [0m[38;5;249mc[0m[38;5;249ml[0m[3
8;5;249ma[0m[38;5;249ms[0m[38;5;249ms[0m[38;5;249mN[0m[38;5;249ma[0m[38;5;249mm[0m[38;5;249me[0m[38;5;249
m=[0m[38;5;249m"[0m[38;5;249mm[0m[38;5;249ma[0m[38;5;249mx[0m[38;5;249m-[0m[38;5;249mw[0m[38;5;249m-[0m
[38;5;249mm[0m[38;5;249md[0m[38;5;249m [0m[38;5;249mw[0m[38;5;249m-[0m[38;5;249mf[0m[38;5;249mu[0m[38;5;2
49ml[0m[38;5;249ml[0m[38;5;249m"[0m[38;5;249m>[0m
 [38;5;240m   Γöé[0m              ΓöÇΓöÇΓöÇΓöÇΓöÇΓö¼ΓöÇΓöÇΓöÇΓöÇ  
 [38;5;240m   Γöé[0m                   Γò░ΓöÇΓöÇΓöÇΓöÇΓöÇΓöÇ Opened here
 [38;5;240m   Γöé[0m 
 [38;5;246m65 Γöé[0m [38;5;249m [0m[38;5;249m [0m[38;5;249m [0m[38;5;249m [0m[38;5;249m [0m[38;5;249m 
[0m[38;5;249m [0m[38;5;249m [0m[38;5;249m [0m[38;5;249m [0m[38;5;249m [0m[38;5;249m [0m[38;5;249m 
[0m[38;5;249m [0m[38;5;249m [0m[38;5;249m [0m[38;5;249m<[0m[38;5;249m/[0mdiv[38;5;249m>[0m
 [38;5;240m   Γöé[0m                   ΓöÇΓö¼ΓöÇ  
 [38;5;240m   Γöé[0m                    Γò░ΓöÇΓöÇΓöÇ Expected `</motion.div>`
[38;5;246mΓöÇΓöÇΓöÇΓöÇΓò»[0m

[31m[builtin:vite-transform] Error:[0m Expected corresponding JSX closing tag for 'div'.
    [38;5;246mΓò¡[0m[38;5;246mΓöÇ[0m[38;5;246m[[0m src/pages/Register.jsx:69:15 [38;5;246m][0m
    [38;5;246mΓöé[0m
 [38;5;246m25 Γöé[0m [38;5;249m [0m[38;5;249m [0m[38;5;249m [0m[38;5;249m [0m[38;5;249m [0m[38;5;249m 
[0m[38;5;249m [0m[38;5;249m [0m[38;5;249m<[0mdiv[38;5;249m [0m[38;5;249mc[0m[38;5;249ml[0m[38;5;249ma[0m
[38;5;249ms[0m[38;5;249ms[0m[38;5;249mN[0m[38;5;249ma[0m[38;5;249mm[0m[38;5;249me[0m[38;5;249m=[0m[38;5;
249m"[0m[38;5;249mm[0m[38;5;249mi[0m[38;5;249mn[0m[38;5;249m-[0m[38;5;249mh[0m[38;5;249m-[0m[38;5;249ms[
0m[38;5;249mc[0m[38;5;249mr[0m[38;5;249me[0m[38;5;249me[0m[38;5;249mn[0m[38;5;249m 
[0m[38;5;249mf[0m[38;5;249ml[0m[38;5;249me[0m[38;5;249mx[0m[38;5;249m [0m[38;5;249mi[0m[38;5;249mt[0m[3
8;5;249me[0m[38;5;249mm[0m[38;5;249ms[0m[38;5;249m-[0m[38;5;249mc[0m[38;5;249me[0m[38;5;249mn[0m[38;5;249
mt[0m[38;5;249me[0m[38;5;249mr[0m[38;5;249m [0m[38;5;249mj[0m[38;5;249mu[0m[38;5;249ms[0m[38;5;249mt[0m
[38;5;249mi[0m[38;5;249mf[0m[38;5;249my[0m[38;5;249m-[0m[38;5;249mc[0m[38;5;249me[0m[38;5;249mn[0m[38;5;2
49mt[0m[38;5;249me[0m[38;5;249mr[0m[38;5;249m [0m[38;5;249mb[0m[38;5;249mg[0m[38;5;249m-[0m[38;5;249ms[0
m[38;5;249ml[0m[38;5;249ma[0m[38;5;249mt[0m[38;5;249me[0m[38;5;249m-[0m[38;5;249m5[0m[38;5;249m0[0m[38;5
;249m [0m[38;5;249mp[0m[38;5;249mx[0m[38;5;249m-[0m[38;5;249m4[0m[38;5;249m"[0m[38;5;249m>[0m
 [38;5;240m   Γöé[0m          ΓöÇΓö¼ΓöÇ  
 [38;5;240m   Γöé[0m           Γò░ΓöÇΓöÇΓöÇ Opened here
 [38;5;240m   Γöé[0m 
 [38;5;246m69 Γöé[0m [38;5;249m [0m[38;5;249m [0m[38;5;249m [0m[38;5;249m [0m[38;5;249m [0m[38;5;249m 
[0m[38;5;249m [0m[38;5;249m [0m[38;5;249m [0m[38;5;249m [0m[38;5;249m [0m[38;5;249m 
[0m[38;5;249m<[0m[38;5;249m/[0mmotion.div[38;5;249m>[0m
 [38;5;240m   Γöé[0m               ΓöÇΓöÇΓöÇΓöÇΓöÇΓö¼ΓöÇΓöÇΓöÇΓöÇ  
 [38;5;240m   Γöé[0m                    Γò░ΓöÇΓöÇΓöÇΓöÇΓöÇΓöÇ Expected `</div>`
[38;5;246mΓöÇΓöÇΓöÇΓöÇΓò»[0m
[31m
    at aggregateBindingErrorsIntoJsError 
(file:///C:/Users/pande/Desktop/DS/client/node_modules/rolldown/dist/shared/error-w0u7biK-.mjs:48:18)
    at unwrapBindingResult 
(file:///C:/Users/pande/Desktop/DS/client/node_modules/rolldown/dist/shared/error-w0u7biK-.mjs:18:128)
    at #build 
(file:///C:/Users/pande/Desktop/DS/client/node_modules/rolldown/dist/shared/rolldown-build-DtGk-m96.mjs:3313:34)
    at async buildEnvironment 
(file:///C:/Users/pande/Desktop/DS/client/node_modules/vite/dist/node/chunks/node.js:32954:64)
    at async Object.build 
(file:///C:/Users/pande/Desktop/DS/client/node_modules/vite/dist/node/chunks/node.js:33376:19)
    at async Object.buildApp 
(file:///C:/Users/pande/Desktop/DS/client/node_modules/vite/dist/node/chunks/node.js:33373:153)
    at async CAC.<anonymous> (file:///C:/Users/pande/Desktop/DS/client/node_modules/vite/dist/node/cli.js:778:3) {
  errors: [Getter/Setter]
}[39m
npm error Lifecycle script `build` failed with error:
npm error code 1
npm error path C:\Users\pande\Desktop\DS\client
npm error workspace client@0.0.1
npm error location C:\Users\pande\Desktop\DS\client
npm error command failed
npm error command C:\WINDOWS\system32\cmd.exe /d /s /c vite build
